16:00:58 **** Incremental Build of configuration Debug for project Test002-Timer-PWM ****
make -j24 all 
arm-none-eabi-gcc "../Core/Src/main.c" -mcpu=cortex-m4 -std=gnu11 -g3 -DDEBUG -DUSE_HAL_DRIVER -DSTM32F411xE -c -I../Core/Inc -I../Drivers/STM32F4xx_HAL_Driver/Inc -I../Drivers/STM32F4xx_HAL_Driver/Inc/Legacy -I../Drivers/CMSIS/Device/ST/STM32F4xx/Include -I../Drivers/CMSIS/Include -O0 -ffunction-sections -fdata-sections -Wall -fstack-usage -fcyclomatic-complexity -MMD -MP -MF"Core/Src/main.d" -MT"Core/Src/main.o" --specs=nano.specs -mfpu=fpv4-sp-d16 -mfloat-abi=hard -mthumb -o "Core/Src/main.o"
../Core/Src/main.c: In function 'main':
../Core/Src/main.c:96:3: warning: implicit declaration of function 'ProgramStart' [-Wimplicit-function-declaration]
   96 |   ProgramStart("Timer - PWM : LED(LD2) control");
      |   ^~~~~~~~~~~~
arm-none-eabi-gcc -o "Test002-Timer-PWM.elf" @"objects.list"   -mcpu=cortex-m4 -T"C:\Users\user\source\repos\STM32\Test002-Timer-PWM\STM32F411RETX_FLASH.ld" --specs=nosys.specs -Wl,-Map="Test002-Timer-PWM.map" -Wl,--gc-sections -static --specs=nano.specs -mfpu=fpv4-sp-d16 -mfloat-abi=hard -mthumb -Wl,--start-group -lc -lm -Wl,--end-group
Finished building target: Test002-Timer-PWM.elf
 
arm-none-eabi-size  Test002-Timer-PWM.elf 
arm-none-eabi-objdump -h -S Test002-Timer-PWM.elf  > "Test002-Timer-PWM.list"
   text	   data	    bss	    dec	    hex	filename
  18296	    112	   2048	  20456	   4fe8	Test002-Timer-PWM.elf
Finished building: default.size.stdout
 
Finished building: Test002-Timer-PWM.list
 

16:00:59 Build Finished. 0 errors, 1 warnings. (took 704ms)

