15:07:01 **** Incremental Build of configuration Debug for project Test013-Gyro ****
make -j24 all 
arm-none-eabi-gcc "../Core/Src/main.c" -mcpu=cortex-m4 -std=gnu11 -g3 -DDEBUG -DUSE_HAL_DRIVER -DSTM32F411xE -c -I../Core/Inc -I../Drivers/STM32F4xx_HAL_Driver/Inc -I../Drivers/STM32F4xx_HAL_Driver/Inc/Legacy -I../Drivers/CMSIS/Device/ST/STM32F4xx/Include -I../Drivers/CMSIS/Include -O0 -ffunction-sections -fdata-sections -Wall -fstack-usage -fcyclomatic-complexity -MMD -MP -MF"Core/Src/main.d" -MT"Core/Src/main.o" --specs=nano.specs -mfpu=fpv4-sp-d16 -mfloat-abi=hard -mthumb -o "Core/Src/main.o"
../Core/Src/main.c: In function 'main':
../Core/Src/main.c:99:3: warning: implicit declaration of function 'ProgramStart' [-Wimplicit-function-declaration]
   99 |   ProgramStart("Gyroscope GY-6500 Test");
      |   ^~~~~~~~~~~~
../Core/Src/main.c:100:3: warning: implicit declaration of function 'i2c_init' [-Wimplicit-function-declaration]
  100 |   i2c_init(&hi2c1);
      |   ^~~~~~~~
../Core/Src/main.c:101:3: warning: implicit declaration of function 'i2c_scan' [-Wimplicit-function-declaration]
  101 |   i2c_scan(); // GY-6500 : 0xD0
      |   ^~~~~~~~
../Core/Src/main.c:104:3: warning: implicit declaration of function 'printf' [-Wimplicit-function-declaration]
  104 |   printf("GY-6500 (WHO_AM_I) info : %02x\r\n", whoami);
      |   ^~~~~~
../Core/Src/main.c:21:1: note: include '<stdio.h>' or provide a declaration of 'printf'
   20 | #include "main.h"
  +++ |+#include <stdio.h>
   21 | 
../Core/Src/main.c:104:3: warning: incompatible implicit declaration of built-in function 'printf' [-Wbuiltin-declaration-mismatch]
  104 |   printf("GY-6500 (WHO_AM_I) info : %02x\r\n", whoami);
      |   ^~~~~~
../Core/Src/main.c:104:3: note: include '<stdio.h>' or provide a declaration of 'printf'
arm-none-eabi-gcc -o "Test013-Gyro.elf" @"objects.list"   -mcpu=cortex-m4 -T"C:\Users\user\source\repos\STM32\Test013-Gyro\STM32F411RETX_FLASH.ld" --specs=nosys.specs -Wl,-Map="Test013-Gyro.map" -Wl,--gc-sections -static --specs=nano.specs -mfpu=fpv4-sp-d16 -mfloat-abi=hard -mthumb -Wl,--start-group -lc -lm -Wl,--end-group
Finished building target: Test013-Gyro.elf
 
arm-none-eabi-size  Test013-Gyro.elf 
arm-none-eabi-objdump -h -S Test013-Gyro.elf  > "Test013-Gyro.list"
   text	   data	    bss	    dec	    hex	filename
  20372	    112	   2064	  22548	   5814	Test013-Gyro.elf
Finished building: default.size.stdout
 
Finished building: Test013-Gyro.list
 

15:07:01 Build Finished. 0 errors, 5 warnings. (took 751ms)

